[     482ms] [INFO] %cDownload the React DevTools for a better development experience: https://reactjs.org/link/react-devtools font-weight:bold @ webpack-internal:///./node_modules/react-dom/cjs/react-dom.development.js:29834
[  152720ms] [ERROR] Failed to load resource: the server responded with a status of 503 () @ https://github-readme-stats.vercel.app/api?username=axelauza97&show_icons=true&theme=transparent&hide_border=true&text_color=94a3b8&icon_color=06b6d4&title_color=8b5cf6:0
[  299323ms] [LOG] [Fast Refresh] rebuilding @ webpack-internal:///./node_modules/next/dist/client/dev/error-overlay/hot-dev-client.js:179
[  304101ms] [LOG] [Fast Refresh] rebuilding @ webpack-internal:///./node_modules/next/dist/client/dev/error-overlay/hot-dev-client.js:179
[  308328ms] [LOG] [Fast Refresh] rebuilding @ webpack-internal:///./node_modules/next/dist/client/dev/error-overlay/hot-dev-client.js:179
[  308739ms] [LOG] [Fast Refresh] done in 410ms @ webpack-internal:///./node_modules/next/dist/client/dev/error-overlay/hot-dev-client.js:155
[  323030ms] [LOG] [Fast Refresh] rebuilding @ webpack-internal:///./node_modules/next/dist/client/dev/error-overlay/hot-dev-client.js:179
[  324940ms] [LOG] [Fast Refresh] rebuilding @ webpack-internal:///./node_modules/next/dist/client/dev/error-overlay/hot-dev-client.js:179
[  327760ms] [ERROR] Failed to load resource: the server responded with a status of 404 (Not Found) @ http://localhost:3100/_next/static/webpack/0307239be4c8a091.webpack.hot-update.json:0
[  329283ms] [ERROR] Failed to load resource: the server responded with a status of 404 (Not Found) @ http://localhost:3100/_next/static/chunks/react-refresh.js?ts=1775107308155:0
[  329283ms] [ERROR] Refused to execute script from 'http://localhost:3100/_next/static/chunks/react-refresh.js?ts=1775107308155' because its MIME type ('text/html') is not executable, and strict MIME type checking is enabled. @ http://localhost:3100/:0
[  329577ms] [INFO] %cDownload the React DevTools for a better development experience: https://reactjs.org/link/react-devtools font-weight:bold @ webpack-internal:///./node_modules/react-dom/cjs/react-dom.development.js:29834
[  387101ms] [ERROR] WebSocket connection to 'ws://localhost:3100/_next/webpack-hmr' failed: Error in connection establishment: net::ERR_CONNECTION_REFUSED @ webpack-internal:///./node_modules/next/dist/client/dev/error-overlay/websocket.js:75
[  392103ms] [ERROR] WebSocket connection to 'ws://localhost:3100/_next/webpack-hmr' failed: Error in connection establishment: net::ERR_CONNECTION_REFUSED @ webpack-internal:///./node_modules/next/dist/client/dev/error-overlay/websocket.js:75
[  397104ms] [ERROR] WebSocket connection to 'ws://localhost:3100/_next/webpack-hmr' failed: Error in connection establishment: net::ERR_CONNECTION_REFUSED @ webpack-internal:///./node_modules/next/dist/client/dev/error-overlay/websocket.js:75
[  402106ms] [ERROR] WebSocket connection to 'ws://localhost:3100/_next/webpack-hmr' failed: Error in connection establishment: net::ERR_CONNECTION_REFUSED @ webpack-internal:///./node_modules/next/dist/client/dev/error-overlay/websocket.js:75
[  407108ms] [ERROR] WebSocket connection to 'ws://localhost:3100/_next/webpack-hmr' failed: Error in connection establishment: net::ERR_CONNECTION_REFUSED @ webpack-internal:///./node_modules/next/dist/client/dev/error-overlay/websocket.js:75
[  412110ms] [ERROR] WebSocket connection to 'ws://localhost:3100/_next/webpack-hmr' failed: Error in connection establishment: net::ERR_CONNECTION_REFUSED @ webpack-internal:///./node_modules/next/dist/client/dev/error-overlay/websocket.js:75
[  417112ms] [ERROR] WebSocket connection to 'ws://localhost:3100/_next/webpack-hmr' failed: Error in connection establishment: net::ERR_CONNECTION_REFUSED @ webpack-internal:///./node_modules/next/dist/client/dev/error-overlay/websocket.js:75
[  422114ms] [ERROR] WebSocket connection to 'ws://localhost:3100/_next/webpack-hmr' failed: Error in connection establishment: net::ERR_CONNECTION_REFUSED @ webpack-internal:///./node_modules/next/dist/client/dev/error-overlay/websocket.js:75
[  427116ms] [ERROR] WebSocket connection to 'ws://localhost:3100/_next/webpack-hmr' failed: Error in connection establishment: net::ERR_CONNECTION_REFUSED @ webpack-internal:///./node_modules/next/dist/client/dev/error-overlay/websocket.js:75
[  432118ms] [ERROR] WebSocket connection to 'ws://localhost:3100/_next/webpack-hmr' failed: Error in connection establishment: net::ERR_CONNECTION_REFUSED @ webpack-internal:///./node_modules/next/dist/client/dev/error-overlay/websocket.js:75
[  437120ms] [ERROR] WebSocket connection to 'ws://localhost:3100/_next/webpack-hmr' failed: Error in connection establishment: net::ERR_CONNECTION_REFUSED @ webpack-internal:///./node_modules/next/dist/client/dev/error-overlay/websocket.js:75
[  442121ms] [ERROR] WebSocket connection to 'ws://localhost:3100/_next/webpack-hmr' failed: Error in connection establishment: net::ERR_CONNECTION_REFUSED @ webpack-internal:///./node_modules/next/dist/client/dev/error-overlay/websocket.js:75
[  447124ms] [ERROR] WebSocket connection to 'ws://localhost:3100/_next/webpack-hmr' failed: Error in connection establishment: net::ERR_CONNECTION_REFUSED @ webpack-internal:///./node_modules/next/dist/client/dev/error-overlay/websocket.js:75
[  452129ms] [ERROR] WebSocket connection to 'ws://localhost:3100/_next/webpack-hmr' failed: Error in connection establishment: net::ERR_CONNECTION_REFUSED @ webpack-internal:///./node_modules/next/dist/client/dev/error-overlay/websocket.js:75
